["```\n$ sudo umount /dev/sdc2\n```", "```\n$ sudo parted\nGNU Parted 3.2\nUsing /dev/sda\nWelcome to GNU Parted! Type 'help' to view a list of commands.\n(parted)\n```", "```\n$ sudo parted /dev/sdb print devices\n/dev/sdb (2000GB)\n/dev/sda (4001GB)\n/dev/sdc (4010MB)\n/dev/sdd (15.7GB)\n/dev/sr0 (425MB)\n\n```", "```\n$ sudo parted\nGNU Parted 3.2\nUsing /dev/sda\nWelcome to GNU Parted! Type 'help' to view a list of commands.\n(parted)\n```", "```\n(parted) print devices\n/dev/sda (256GB)\n/dev/sdb (1000GB)\n/dev/sdc (4010MB)\n```", "```\n(parted) select /dev/sdb\nUsing /dev/sdb\n(parted) print\nModel: ATA ST1000DM003-1SB1 (scsi)\nDisk /dev/sdb: 1000GB\nSector size (logical/physical): 512B/4096B\nPartition Table: gpt\nDisk Flags:\n\nNumber  Start   End     Size    File system     Name  Flags\n 1      1049kB  525MB   524MB   fat16                 boot, esp\n 2      525MB   344GB   343GB   btrfs\n 3      344GB   998GB   654GB   xfs\n 4      998GB   1000GB  2148MB  linux-swap(v1)        swap\n\n(parted)\n```", "```\n$ sudo parted /dev/sda\nGNU Parted 3.2\nUsing /dev/sdb\nWelcome to GNU Parted! Type 'help' to view a list of commands.\n```", "```\n(parted) print\n Model: ATA SAMSUNG SSD SM87 (scsi)\nDisk /dev/sda: 256GB\nSector size (logical/physical): 512B/512B\nPartition Table: gpt\n[...]\n```", "```\n(parted) print all\n Model: ATA SAMSUNG SSD SM87 (scsi)\nDisk /dev/sda: 256GB\nSector size (logical/physical): 512B/512B\nPartition Table: gpt\nDisk Flags:\n\nNumber  Start   End    Size    File system  Name                    Flags\n 1      1049kB  524MB  523MB   fat16        EFI system              legacy_boot,\n                                            partition               msftdata\n\n 2      524MB   659MB  134MB                Microsoft reserved      msftres\n                                            partition\n 3      659MB   253GB  253GB   ntfs         Basic data partition    msftdata\n\n 4      253GB   256GB  2561MB  ntfs                                 diag\n\nModel: ATA ST1000DM003-1SB1 (scsi)\nDisk /dev/sdb: 1000GB\nSector size (logical/physical): 512B/4096B\nPartition Table: gpt\nDisk Flags:\n\nNumber  Start   End     Size    File system     Name  Flags\n 1      1049kB  525MB   524MB   fat16                 boot, esp\n 2      525MB   344GB   343GB   btrfs\n 3      344GB   998GB   654GB   xfs\n 4      998GB   1000GB  2148MB  linux-swap(v1)        swap\n\nModel: General USB Flash Disk (scsi)\nDisk /dev/sdc: 4010MB\nSector size (logical/physical): 512B/512B\nPartition Table: msdos\nDisk Flags:\n\nNumber  Start   End     Size    Type     File system  Flags\n 1      1049kB  4010MB  4009MB  primary  fat32\n```", "```\n(parted) print free\nModel: ATA ST4000DM000-1F21 (scsi)\nDisk /dev/sda: 4001GB\nSector size (logical/physical): 512B/4096B\nPartition Table: gpt\nDisk Flags:\n\nNumber  Start   End     Size    File system     Name  Flags\n        17.4kB  1049kB  1031kB  Free Space\n 1      1049kB  500MB   499MB   ext4\n 2      500MB   60.5GB  60.0GB  ext4\n 3      60.5GB  2061GB  2000GB  xfs\n 4      2061GB  2069GB  8000MB  linux-swap(v1)\n        2069GB  4001GB  1932GB  Free Space\n```", "```\n$ sudo umount /dev/sdc\n$ sudo parted /dev/sdc\nGNU Parted 3.2\nUsing /dev/sdc\nWelcome to GNU Parted! Type 'help' to view a list of commands.\n(parted) mklabel gpt\nWarning: The existing disk label on /dev/sdc will be destroyed and all data on\nthis disk will be lost. Do you want to continue?\nYes/No? Yes\n(parted) p\nModel: General USB Flash Disk (scsi)\nDisk /dev/sdc: 4010MB\nSector size (logical/physical): 512B/512B\nPartition Table: gpt\nDisk Flags:\n\nNumber  Start  End  Size  File system  Name  Flags\n```", "```\n(parted) mkpart \"images\" ext4 1MB 2004MB\n(parted) mkpart \"audio files\" xfs 2005MB 100%\n```", "```\n(parted) print\nModel: General USB Flash Disk (scsi)\nDisk /dev/sdc: 4010MB\nSector size (logical/physical): 512B/512B\nPartition Table: gpt\nDisk Flags:\n\nNumber  Start   End     Size    File system  Name         Flags\n 1      1049kB  2005MB  2004MB  ext4         images\n 2      2006MB  4009MB  2003MB  xfs          audio files\n\n(parted) q\nInformation: You may need to update /etc/fstab.\n```", "```\n(parted) mkpart \"images\" ext4 2004MB 100%\nWarning: You requested a partition from 2004MB to 4010MB (sectors\n3914062..7831551).\nThe closest location we can manage is 2005MB to 4010MB (sectors\n3915776..7831518).\nIs this still acceptable to you?\nYes/No? Yes\n```", "```\n$ sudo parted /dev/sdc\nGNU Parted 3.2\nUsing /dev/sdc\nWelcome to GNU Parted! Type 'help' to view a list of commands.\n(parted) p\n\nModel: General USB Flash Disk (scsi)\nDisk /dev/sdc: 4010MB\nSector size (logical/physical): 512B/512B\nPartition Table: msdos\nDisk Flags:\n\nNumber  Start   End     Size    Type     File system  Flags\n 1      1049kB  2005MB  2004MB  primary\n 2      2005MB  4010MB  2005MB  primary\n```", "```\n(parted) rm 2\n(parted) p\nModel: General USB Flash Disk (scsi)\nDisk /dev/sdc: 4010MB\nSector size (logical/physical): 512B/512B\nPartition Table: msdos\nDisk Flags:\n\nNumber  Start   End     Size    Type     File system  Flags\n 1      1049kB  2005MB  2004MB  primary\n```", "```\n(parted) rescue 2000MB 4010MB\nsearching for file systems... 40%       (time left 00:01)Information: A ext4\nprimary partition was found at 2005MB -> 4010MB.  Do you want to add it to the\npartition table?\nYes/No/Cancel? Yes\n```", "```\n(parted) p\nModel: General USB Flash Disk (scsi)\nDisk /dev/sdc: 4010MB\nSector size (logical/physical): 512B/512B\nPartition Table: gpt\nDisk Flags:\n\nNumber  Start   End     Size    File system  Name    Flags\n 1      1049kB  2005MB  2004MB  xfs          images\n 2      2005MB  4010MB  2005MB  ext4\n```", "```\n$ sudo parted /dev/sdc\nGNU Parted 3.2\nUsing /dev/sdc\nWelcome to GNU Parted! Type 'help' to view a list of commands.\n(parted) print free\nModel: General USB Flash Disk (scsi)\nDisk /dev/sdc: 4010MB\nSector size (logical/physical): 512B/512B\nPartition Table: gpt\nDisk Flags:\n\nNumber  Start   End     Size    File system  Name    Flags\n[...]\n        1024MB  2005MB  981MB   Free Space\n 2      2005MB  3500MB  1495MB  ext4         audio\n        3500MB  4010MB  510MB   Free Space\n```", "```\n(parted) resizepart 2 4010MB\n```", "```\n$ du -sh /media/duchess/shrinkme\n922.6M    /media/duchess/shrinkme\n```", "```\n$ sudo e2fsck -f /dev/sdc2\n```", "```\n$ sudo btrfs check /dev/sdc2\n```", "```\n$ sudo fsck.vfat -v /dev/sdc2\n```", "```\n(parted) resizepart 1 2000MB\nWarning: Shrinking a partition can cause data loss, are you sure you want to\ncontinue?\nYes/No? y\n```"]