["```\n$ cat /proc/filesystems\nnodev   sysfs\nnodev   tmpfs\nnodev   bdev\nnodev   proc\nnodev   cgroup\nnodev   cgroup2\nnodev   cpuset\nnodev   devtmpfs\nnodev   debugfs\nnodev   tracefs\nnodev   securityfs\nnodev   sockfs\nnodev   bpf\nnodev   pipefs\nnodev   ramfs\nnodev   hugetlbfs\nnodev   devpts\n        ext3\n        ext2\n        ext4\nnodev   autofs\nnodev   mqueue\nnodev   pstore\n        btrfs\n        vfat\n        xfs\n        fuseblk\nnodev   fuse\nnodev   fusectl\n        jfs\n        nilfs2\n```", "```\n$ lsblk -o NAME,FSTYPE\nNAME   FSTYPE\nsda\n├─sda1 vfat\n├─sda2 btrfs\n├─sda3 xfs\n└─sda4 swap\nsdb\n├─sdb1 ext2\n├─sdb2 ext4\n├─sdb3 swap\n└─sdb4 LVM2_member\nsdc\n└─sdc1 vfat\nsr0\n```", "```\n$ lsblk -o NAME,FSTYPE /dev/sdb\n├─sdb1 ext2\n├─sdb2 ext4\n├─sdb3 swap\n└─sdb4 LVM2_member\n\n```", "```\n$ lsblk -o NAME,FSTYPE /dev/sda1\nNAME FSTYPE\nsda1 vfat\n```", "```\n$ lsblk -o NAME,FSTYPE,LABEL,FSSIZE,FSUSE%,MOUNTPOINT\nNAME   FSTYPE   LABEL     FSSIZE FSUSE% MOUNTPOINT\nloop0  squashfs           646.5M   100% /run/archiso/sfs/airootfs\nsda\n├─sda1\n└─sda2 ntfs\nsdb\n├─sdb1 vfat     BOOT\n├─sdb2 btrfs    root\n├─sdb3 xfs      home\n└─sdb4 swap\nsdc    iso9660  RESCUE800\n└─sdc1 iso9660  RESCUE800   708M   100% /run/archiso/bootmnt\nsr0\n```", "```\n$ lsblk -f\nsda\n├─sdb1 ext4   /media/duchess/stuff\n[...]\n$ umount /media/duchess/stuff\n\n```", "```\n$ sudo parted /dev/sdb\nGNU Parted 3.2\nUsing /dev/sdb\nWelcome to GNU Parted! Type 'help' to view a list of commands.\n(parted) print \nModel: ATA SAMSUNG HD204UI (scsi)\nDisk /dev/sdb: 2000GB\nSector size (logical/physical): 512B/512B\nPartition Table: gpt\nDisk Flags:\n\nNumber  Start   End     Size    File system  Name  Flags\n 1      1049kB  1656GB  1656GB  ext4          stor-1\n 1      1656GB  2656GB  1000GB  ext4          stor-2\n(parted) rm 1\n\n```", "```\n$ sudo mkdir -p */mnt/madmax/newfs*\n$ sudo mount */dev/sdb1 /mnt/madmax/newfs* \n\n```", "```\n$ sudo chown -R *madmax:madmax /mnt/madmax/newfs*\n$ sudo chmod -R 0755 */mnt/madmax/newfs*\n\n```", "```\n$ tree /shared\n/shared\n├── duchess\n├── madmax\n└── stash\n\n```", "```\n$ tree -L 2 /mnt\n/mnt\n├── duchess\n├── madmax\n│   ├── madmax1\n│   └── madmax2\n└── stash\n\n```", "```\n$ stat /shared/madmax/madmax1\n[...]\nAccess: (0755/drwxr-xr-x) Uid: ( 0/ madmax) Gid: ( 0/ madmax)\n\n```", "```\n$ mount\nsysfs on /sys type sysfs (rw,nosuid,nodev,noexec,relatime)\nproc on /proc type proc (rw,nosuid,nodev,noexec,relatime)\nudev on /dev type devtmpfs\n[...]\n```", "```\n$ mountpoint madmax1/\nmadmax1/ is a mountpoint\n```", "```\n#<file system>    <mount point>        <type>   <options>       <dump>  <pass>\nLABEL=xfs-ehd     /mnt/madmax/newfs    xfs      defaults,user   0       2\n```", "```\n$ sudo findmnt --verbose --verify \n/\n   [ ] target exists\n   [ ] UUID=102a6fce-8985-4896-a5f9-e5980cb21fdb translated to /dev/sda2\n   [ ] source /dev/sda2 exists\n   [ ] FS type is btrfs\n   [W] recommended root FS passno is 1 (current is 0)\n/mnt/madmax/newfs\n   [ ] target exists\n   [ ] LABEL=xfs-ehd translated to /dev/sdb1\n   [ ] source /dev/sdb1 exists\n   [ ] FS type is xfs\n[...]\n0 parse errors, 0 errors, 1 warning\n```", "```\n$ sudo mount -a\n```", "```\n$ df -Th /media/duchess/stuff/\nFilesystem     Type  Size  Used Avail Use% Mounted on\n/dev/sdb1      xfs   952M  7.9M  944M   1% /media/duchess/stuff\n```", "```\n$ sudo umount /media/duchess/stuff\n```", "```\n$ sudo mkfs.ext4 -L *'mylabel' /dev/sdb1*\nmke2fs 1.44.1 (24-Mar-2018)\n/dev/sdb1 contains a XFS file system labelled 'stuff'\n        created on Sun Sep 20 19:37:43 2020\nProceed anyway? (y,N) y\nCreating filesystem with 466432 4k blocks and 116640 inodes\nFilesystem UUID: 99da2e5d-f96a-4fb6-990d-599cf56247a2\nSuperblock backups stored on blocks:\n        32768, 98304, 163840, 229376, 294912\n\nAllocating group tables: done\nWriting inode tables: done\nCreating journal (8192 blocks): done\nWriting superblocks and filesystem accounting information: done\n\n```", "```\n$ dmesg | grep sdb1\n[25023.525279] EXT4-fs (sdb1): mounted filesystem with ordered data mode.\n\n```", "```\n$ sudo tune2fs -o journal_data /dev/sdb1\ntune2fs 1.44.1 (24-Mar-2018)\n\n```", "```\n$ dmesg | grep sdb1\n[25023.525279] EXT4-fs (sdb1): mounted filesystem with ordered data mode.\n\n```", "```\n[  206.076123] EXT4-fs (sdb1): mounted filesystem with journalled data mode.\n[  206.076433] EXT4-fs (sdb1): mounted filesystem with ordered data mode.\n```", "```\n$ sudo dumpe2fs -h /dev/sda1 | grep -i uuid\ndumpe2fs 1.43.8 (1-Jan-2018)\nFilesystem UUID:          8593f3b7-4b7b-4da7-bf4a-cc6b0551cff8\nJournal UUID:             f8e42703-94eb-49af-a94c-966e5b40e756\n\n```", "```\n$ lsblk -f | grep  f8e42703-94eb-49af-a94c-966e5b40e756\n└─sdb5 ext4    journal1 f8e42703-94eb-49af-a94c-966e5b40e756\n\n```", "```\n$ sudo dumpe2fs -h /dev/sda2 | grep UUID\ndumpe2fs 1.44.1 (24-Mar-2018)\nFilesystem UUID:          64bfb5a8-0ef6-418a-bb44-6c389514ecfc\n\n```", "```\n$ sudo parted\n(parted) select /dev/sdb\nUsing /dev/sdb\n(parted) mkpart \"journal1\" ext4 1600GB 1800GB\n(parted) select /dev/sda\nUsing /dev/sda\n(parted) mkpart \"ext4fs\" ext4 1MB 500GB\n\n```", "```\n$ sudo tune2fs -l /dev/sda1  | grep -i 'block size'\nBlock size:               4096\n```", "```\n$ sudo mke2fs -b 4096 -O journal_dev /dev/sdb5\nmke2fs 1.43.8 (1-Jan-2018)\n/dev/sdb2 contains a ext4 file system labelled 'ext4'\n        created on Mon Jan  4 18:25:30 2021\nProceed anyway? (y,N) y\nCreating filesystem with 48747520 4k blocks and 0 inodes\nFilesystem UUID: f8e42703-94eb-49af-a94c-966e5b40e756\nSuperblock backups stored on blocks:\nZeroing journal device:\n\n$ sudo mkfs.ext4 -b 4096 -J device=/dev/sdb5 /dev/sda1\nmke2fs 1.43.8 (1-Jan-2018)\nCreating filesystem with 35253504 4k blocks and 8814592 inodes\nFilesystem UUID: 8593f3b7-4b7b-4da7-bf4a-cc6b0551cff8\nSuperblock backups stored on blocks:\n        32768, 98304, 163840, 229376, 294912, 819200, 884736, 1605632, 2654208,\n        4096000, 7962624, 11239424, 20480000, 23887872\n\nAllocating group tables: done\nWriting inode tables: done\nAdding journal to device /dev/sdb2: done\nWriting superblocks and filesystem accounting information: done\n\n```", "```\n$ sudo tune2fs -O ^has_journal /dev/sda1\n$ sudo tune2fs -b 4096 -J device=/dev/sdb5 /dev/sda1\n\n```", "```\n$ sudo tune2fs -m 1 /dev/sda1\ntune2fs 1.44.1 (24-Mar-2018)\nSetting reserved blocks percentage to 1% (820474 blocks)\n\n```", "```\n$ sudo tune2fs -l /dev/sda1  | grep -i 'block size'\nBlock size:               4096\n```", "```\n$ sudo tune2fs -m .25 /dev/sda1\ntune2fs 1.44.1 (24-Mar-2018)\nSetting reserved blocks percentage to 0.25% (205118 blocks)\n\n```", "```\n$ sudo tune2fs -r 250000 /dev/sda1\ntune2fs 1.44.1 (24-Mar-2018)\nSetting reserved blocks count to 250000\n\n```", "```\n$ sudo tune2fs -l /dev/sda1 | grep -i 'reserved block'\nReserved block count:     250000\n\n```", "```\n$ sudo dumpe2fs -h /dev/sda1\n[...]\nBlock count:              82047488\nReserved block count:     250000\n[...]\n\n```", "```\n$ sudo apt install xfsprogs\n$ sudo parted /dev/sda mkpart testxfs xfs 1MB 500GB\n$ sudo mkfs.xfs -L xfstest /dev/sda1\nmeta-data=/dev/sdb5              isize=512    agcount=4, agsize=640000 blks\n         =                       sectsz=512   attr=2, projid32bit=1\n         =                       crc=1        finobt=1, sparse=0, rmapbt=0,\nreflink=0\ndata     =                       bsize=4096   blocks=2560000, imaxpct=25\n         =                       sunit=0      swidth=0 blks\nnaming   =version 2              bsize=4096   ascii-ci=0 ftype=1\nlog      =internal log           bsize=4096   blocks=2560, version=2\n         =                       sectsz=512   sunit=0 blks, lazy-count=1\nrealtime =none                   extsz=4096   blocks=0, rtextents=0\n\n```", "```\n$ lsblk -f | grep -w sda1\n├─sda1 xfs    xfstest  bb5dddb3-af74-4bed-9d2a-e79589278e84\n```", "```\n$ sudo mkdir /mnt/xfstest\n$ sudo mount /dev/sda1 /mnt/xfstest \n$ sudo chown -R duchess:duchess /mnt/xfstest\n$ sudo chmod -R -755 /mnt/xfstest\n\n```", "```\n$ sudo parted */dev/sdb*\nGNU Parted 3.3\nUsing /dev/sdb\nWelcome to GNU Parted! Type 'help' to view a list of commands.\n(parted) p free \nModel: ATA SAMSUNG HD204UI (scsi)\nDisk /dev/sdb: 4000GB\nSector size (logical/physical): 512B/512B\nPartition Table: gpt\nDisk Flags:\n\nNumber  Start   End     Size    File system  Name   Flags\n        17.4kB  1049kB  1031kB  Free Space\n 1      1049kB  1656GB  1656GB  xfs          files\n 2      1656GB  1759GB  103GB   xfs          files2\n        1759GB  4000GB  242GB   Free Space\n\n(parted) resizepart 2\n(parted) Warning: Partition /dev/sdb2 is being used. Are you sure you want to\ncontinue?\nYes/No? Yes\nEnd?  [1759GB]? 1900GB\n(parted) q\n\n```", "```\n$ sudo xfs_growfs /media/duchess/xfs\n```", "```\n$ sudo mkfs.exfat /dev/sdc1\nmkexfatfs 1.2.8\nCreating... done.\nFlushing... done.\nFile system created successfully.\n```", "```\n$ sudo exfatlabel /dev/sdc2 exfatfs\n```", "```\n$ lsblk -f\nNAME   FSTYPE LABEL   UUID\nsdc\n├─sdc1\n├─sdc2 exfat  exfatfs 8178-51D4\n└─sdc3 \n```", "```\n$ sudo parted /dev/sdb\nGNU Parted 3.2\nUsing /dev/sdb\nWelcome to GNU Parted! Type 'help' to view a list of commands.\n(parted) print\nModel: ATA SAMSUNG HD204UI (scsi)\nDisk /dev/sdb: 2000399MB\nSector size (logical/physical): 512B/512B\nPartition Table: gpt\nDisk Flags:\n\nNumber  Start    End     Size    File system  Name   Flags\n1       0.00GB   1656GB  1656GB  xfs          files\n\n(parted) unit mb\nmkpart \nPartition name?  []?\nFile system type?  [ext2]? fat32\nStart? 1656331MB\nEnd? 1656831MB\n(parted) print\nModel: ATA SAMSUNG HD204UI (scsi)\nDisk /dev/sdb: 2000399MB\nSector size (logical/physical): 512B/512B\nPartition Table: gpt\nDisk Flags:\n\nNumber  Start      End        Size       File system  Name  Flags\n 1      1.05MB     1656331MB  1656330MB  xfs          bup\n 2      1656331MB  1656831MB  500MB      fat32\n\n(parted) q\n\n```", "```\n$ sudo mkfs.fat -F 32 -n fat32test /dev/sdb2\nmkfs.fat 4.1 (2017-01-24)\nmkfs.fat: warning - lowercase labels might not work properly with DOS or Windows\n```", "```\n$ lsblk  -f /dev/sdb\nNAME   FSTYPE LABEL       UUID                          FSAVAIL FSUSE% MOUNTPOINT\nsdb\n├─sdb1 xfs    xfstest     1d742b2d-a621-4454-b4d3-469216a6f01e\n└─sdb2 vfat   fat32test   AB39-1808\n\n```"]