["```\n$ sudo mount /dev/sdd1 /software\n```", "```\n$ sudo mount /dev/sdd1 /opt/software\n```", "```\nUUID=324ddbc2-353b-4221-a80e-49ec356678dc /opt/software    xfs    defaults    0 0\n```", "```\n$ df -h\nFilesystem           Size  Used Avail Use% Mounted on\n/dev/mapper/cl-root  6.2G  3.3G  3.0G  53% /\n/dev/sdb1            1.5G   43M  1.4G   3% /opt/software\n/dev/sda1            976M  250M  660M  28% /boot\n```", "```\n$ sudo du -h /var/log\n0    /var/log/private\n0    /var/log/samba/old\n0    /var/log/samba\n36K    /var/log/sssd\n28K    /var/log/tuned\n2.3M    /var/log/audit\n0    /var/log/chrony\n3.3M    /var/log/anaconda\n10M    /var/log\n```", "```\n$ mount | grep tmpfs\ndevtmpfs on /dev type devtmpfs (rw,nosuid,seclabel,size=397220k,nr_inodes=9930...\ntmpfs on /dev/shm type tmpfs (rw,nosuid,nodev,seclabel)\ntmpfs on /run type tmpfs (rw,nosuid,nodev,seclabel,mode=755)\ntmpfs on /sys/fs/cgroup type tmpfs (ro,nosuid,nodev,noexec,seclabel,mode=755)\ntmpfs on /run/user/1000 type tmpfs (rw,nosuid,nodev,relatime,seclabel,size=828...\n\n$ mount | grep tmpfs\nudev on /dev type devtmpfs (rw,nosuid,noexec,relatime,size=456144k,nr_inodes=1...\ntmpfs on /run type tmpfs (rw,nosuid,nodev,noexec,relatime,size=100480k,mode=755)\ntmpfs on /dev/shm type tmpfs (rw,nosuid,nodev)\ntmpfs on /run/lock type tmpfs (rw,nosuid,nodev,noexec,relatime,size=5120k)\ntmpfs on /sys/fs/cgroup type tmpfs (ro,nosuid,nodev,noexec,mode=755)\ntmpfs on /run/snapd/ns type tmpfs (rw,nosuid,nodev,noexec,relatime,size=100480...\ntmpfs on /run/user/1000 type tmpfs (rw,nosuid,nodev,relatime,size=100480k,mode...\n```", "```\n$ sudo fdisk -l\n\nDisk /dev/sda: 8 GiB, 8589934592 bytes, 16777216 sectors\nUnits: sectors of 1 * 512 = 512 bytes\nSector size (logical/physical): 512 bytes / 512 bytes\nI/O size (minimum/optimal): 512 bytes / 512 bytes\nDisklabel type: dos\nDisk identifier: 0x38e117ab\n\nDevice     Boot   Start      End  Sectors Size Id Type\n/dev/sda1  *       2048  2099199  2097152   1G 83 Linux\n/dev/sda2       2099200 16777215 14678016   7G 8e Linux LVM\n\nDisk /dev/sdb: 1.5 GiB, 1550843904 bytes, 3028992 sectors\nUnits: sectors of 1 * 512 = 512 bytes\nSector size (logical/physical): 512 bytes / 512 bytes\nI/O size (minimum/optimal): 512 bytes / 512 bytes\nDisklabel type: dos\nDisk identifier: 0xd268486b\n```", "```\n$ sudo fdisk /dev/sdb\n\nWelcome to fdisk (util-linux 2.32.1).\nChanges will remain in memory only, until you decide to write them.\nBe careful before using the write command.\n\nCommand (m for help): n\n\nPartition type\n   p   primary (0 primary, 0 extended, 4 free)\n   e   extended (container for logical partitions)\nSelect (default p): <ENTER>\nPartition number (1-4, default 1): <ENTER>\nFirst sector (2048-3028991, default 2048): <ENTER>\nLast sector, +sectors or +size{K,M,G,T,P} (2048-3028991, default 3028991): <EN...\n\nCreated a new partition 1 of type 'Linux' and of size 1.5 GiB.\n\nCommand (m for help): w\n\nThe partition table has been altered.\nFailed to add partition 1 to system: Device or resource busy\n\nThe kernel still uses the old partitions. The new table will be used at the ne...\nSyncing disks.\n\n$ sudo fdisk -l\nDisk /dev/sda: 8 GiB, 8589934592 bytes, 16777216 sectors\nUnits: sectors of 1 * 512 = 512 bytes\nSector size (logical/physical): 512 bytes / 512 bytes\nI/O size (minimum/optimal): 512 bytes / 512 bytes\nDisklabel type: dos\nDisk identifier: 0x38e117ab\n\nDevice     Boot   Start      End  Sectors Size Id Type\n/dev/sda1  *       2048  2099199  2097152   1G 83 Linux\n/dev/sda2       2099200 16777215 14678016   7G 8e Linux LVM\n\nDisk /dev/sdb: 1.5 GiB, 1550843904 bytes, 3028992 sectors\nUnits: sectors of 1 * 512 = 512 bytes\nSector size (logical/physical): 512 bytes / 512 bytes\nI/O size (minimum/optimal): 512 bytes / 512 bytes\nDisklabel type: dos\nDisk identifier: 0xd268486b\n\nDevice     Boot Start     End Sectors  Size Id Type\n/dev/sdb1        2048 3028991 3026944  1.5G 83 Linux\n```", "```\n$ sudo mkfs.xfs /dev/sdb1\nmeta-data=/dev/sdb1              isize=512    agcount=4, agsize=94592 blks\n         =                       sectsz=512   attr=2, projid32bit=1\n         =                       crc=1        finobt=1, sparse=1, rmapbt=0\n         =                       reflink=1\ndata     =                       bsize=4096   blocks=378368, imaxpct=25\n         =                       sunit=0      swidth=0 blks\nnaming   =version 2              bsize=4096   ascii-ci=0, ftype=1\nlog      =internal log           bsize=4096   blocks=2560, version=2\n         =                       sectsz=512   sunit=0 blks, lazy-count=1\nrealtime =none                   extsz=4096   blocks=0, rtextents=0\n```", "```\n$ sudo lsblk -f\nNAME        FSTYPE            LABEL UUID      MOUNTPOINT\nloop0       squashfs                          /var/lib/snapd/snap/asciinema/16\nloop1       squashfs                          /var/lib/snapd/snap/core/10577\nloop2       squashfs                          /var/lib/snapd/snap/core/10583\nsda                                                                  \n├─sda1      ext4              1825fee2...     /boot\n└─sda2      LVM2_member       PqHcgi-X...\n  ├─cl-root xfs               41b93d34...     /\n  └─cl-swap swap              6b31789a...     [SWAP]\nsdb                                                                 \n└─sdb1      xfs               ca2701e0... \nsr0\n```", "```\n$ sudo blkid /dev/sdb1\n```", "```\n$ sudo mkdir /opt/software\n```", "```\n$ sudo mount /dev/sdb1 /opt/software\n```", "```\n$ mount | grep sdb1\n/dev/sdb1 on /opt/software type xfs (rw,relatime,seclabel,attr2,inode64,logbuf...\n```", "```\nUUID=ca2701e0-3e75-4930-b14e-d83e19a5cffb /opt/software    xfs    defaults    0 0\n```", "```\n/dev/disk/by-uuid/ca2701e0-3e75-4930-b14e-d83e1... /opt/software xfs defaults 0 0\n```", "```\n$ lsblk\nNAME        MAJ:MIN RM  SIZE RO TYPE MOUNTPOINT\nloop0         7:0    0  8.5M  1 loop /var/lib/snapd/snap/asciinema/16\nloop1         7:1    0 97.9M  1 loop /var/lib/snapd/snap/core/10577\nloop2         7:2    0 97.9M  1 loop /var/lib/snapd/snap/core/10583\nsda           8:0    0    8G  0 disk\n├─sda1        8:1    0    1G  0 part /boot\n└─sda2        8:2    0    7G  0 part\n  ├─cl-root 253:0    0  6.2G  0 lvm  /\n  └─cl-swap 253:1    0  820M  0 lvm  [SWAP]\nsdb           8:16   0  1.5G  0 disk\nsr0          11:0    1 1024M  0 rom\n```", "```\nsdb           8:16   0  1.5G  0 disk\n```", "```\n$ sudo pvcreate /dev/sdb\nWARNING: dos signature detected on /dev/sdb at offset 510\\. Wipe it? [y/n]: y\n  Wiping dos signature on /dev/sdb.\n  Physical volume \"/dev/sdb\" successfully created.\n```", "```\n$ sudo pvs\n  PV         VG Fmt  Attr PSize  PFree\n  /dev/sda2  cl lvm2 a--  <7.00g    0\n  /dev/sdb      lvm2 ---   1.44g 1.44g\n```", "```\n$ sudo pvdisplay /dev/sdb\n  \"/dev/sdb\" is a new physical volume of \"1.44 GiB\"\n  --- NEW Physical volume ---\n  PV Name               /dev/sdb\n  VG Name              \n  PV Size               1.44 GiB\n  Allocatable           NO\n  PE Size               0  \n  Total PE              0\n  Free PE               0\n  Allocated PE          0\n  PV UUID               yl6k0u-cymt-p4jd-VXro-Lit1-EkLe-Jqjc94\n```", "```\n$ sudo pvcreate /dev/sdb\n  Can't open /dev/sdb exclusively.  Mounted filesystem?\n```", "```\n$ sudo vgcreate vgsw /dev/sdb\n  Volume group \"vgsw\" successfully created\n\n$ sudo vgs\n  VG   #PV #LV #SN Attr   VSize  VFree\n  cl     1   2   0 wz--n- <7.00g    0\n  vgsw   1   0   0 wz--n-  1.44g 1.44g\n\n$ sudo vgdisplay vgsw\n  --- Volume group ---\n  VG Name               vgsw\n  System ID            \n  Format                lvm2\n  Metadata Areas        1\n  Metadata Sequence No  1\n  VG Access             read/write\n  VG Status             resizable\n  MAX LV                0\n  Cur LV                0\n  Open LV               0\n  Max PV                0\n  Cur PV                1\n  Act PV                1\n  VG Size               1.44 GiB\n  PE Size               4.00 MiB\n  Total PE              369\n  Alloc PE / Size       0 / 0  \n  Free  PE / Size       369 / 1.44 GiB\n  VG UUID               AsQkWT-UpSu-3dYk-5EWT-DbQR-SovE-2oAmlR\n```", "```\n$ sudo lvcreate -L *size* -n *lvname* vg\n```", "```\n$ sudo lvcreate -L 1G -n software-lv vgsw\nWARNING: xfs signature detected on /dev/vgsw/software-lv at offset 0\\. \nWipe it? [y/n]: y\n  Wiping xfs signature on /dev/vgsw/software-lv.\n  Logical volume \"software-lv\" created.\n```", "```\n$ sudo lvs\n  LV          VG   Attr         LSize   Pool Origin Data%  Meta%  Move Log ...\n  root        cl   -wi-ao----  <6.20g\n  swap        cl   -wi-ao---- 820.00m\n  software-lv vgsw -wi-a-----   1.00g\n\n$ sudo lvdisplay /dev/vgsw/software-lv\n  --- Logical volume ---\n  LV Path                /dev/vgsw/software-lv\n  LV Name                software-lv\n  VG Name                vgsw\n  LV UUID                ebB3ST-3E7k-BShG-8oPi-sj0c-yXXr-C7EgAw\n  LV Write Access        read/write\n  LV Creation host, time server1, 2021-12-10 07:34:56 -0600\n  LV Status              available\n  # open                 0\n  LV Size                1.00 GiB\n  Current LE             256\n  Segments               1\n  Allocation             inherit\n  Read ahead sectors     auto\n  - currently set to     8192\n  Block device           253:2\n```", "```\n$ sudo lvs /dev/vgsw/software-lv\n  LV     VG   Attr            LSize Pool Origin ...\n  software-lv vgsw -wi-a----- 1.00g\n```", "```\n$ sudo mkfs.xfs /dev/vgsw/software-lv\nmeta-data=/dev/vgsw/software-lv  isize=512    agcount=4, agsize=65536 blks\n         =                       sectsz=512   attr=2, projid32bit=1\n         =                       crc=1        finobt=1, sparse=1, rmapbt=0\n         =                       reflink=1\ndata     =                       bsize=4096   blocks=262144, imaxpct=25\n         =                       sunit=0      swidth=0 blks\nnaming   =version 2              bsize=4096   ascii-ci=0, ftype=1\nlog      =internal log           bsize=4096   blocks=2560, version=2\n         =                       sectsz=512   sunit=0 blks, lazy-count=1\nrealtime =none                   extsz=4096   blocks=0, rtextents=0\n```", "```\n$ sudo mkdir /sw\n```", "```\n$ sudo mount /dev/vgsw/software-lv /sw\n\n$ mount | grep software\n/dev/mapper/vgsw-software--lv on /sw type xfs  \\\n(rw,relatime,seclabel,attr2,inode64,logbufs=8,logbsize=32k,noquota)\n```", "```\n$ df -h /sw\nFilesystem                     Size  Used Avail Use% Mounted on\n/dev/mapper/vgsw-software--lv 1014M   40M  975M   4% /sw\n```", "```\n/dev/vgsw/software-lv /sw       xfs     defaults        0 0\n```", "```\n$ sudo lvextend -L +size(M or G) *lvname*\n$ sudo lvextend -l +100%FREE *lvname*\n```", "```\n$ df -h /sw\nFilesystem                     Size  Used Avail Use% Mounted on\n/dev/mapper/vgsw-software--lv 1014M   40M  975M   4% /sw\n\n$ sudo lvextend -l +100%FREE /dev/vgsw/software-lv\n\n$ sudo lvextend -l +100%FREE /dev/vgsw/software-lv\nSize of logical volume vgsw/software-lv changed from 1.00 GiB (256 extents) \nto 1.44 GiB (369 extents).\nLogical volume vgsw/software-lv successfully resized.\n```", "```\n$ df -h /sw\nFilesystem                     Size  Used Avail Use% Mounted on\n/dev/mapper/vgsw-software--lv 1014M   40M  975M   4% /sw\n```", "```\n$ sudo xfs_growfs /dev/vgsw/software-lv\nmeta-data=/dev/mapper/vgsw-software--lv isize=512    agcount=4, agsize=65536 blks\n         =                              sectsz=512   attr=2, projid32bit=1\n         =                              crc=1        finobt=1, sparse=1, rmapbt=0\n         =                              reflink=1\ndata     =                              bsize=4096   blocks=262144, imaxpct=25\n         =                              sunit=0      swidth=0 blks\nnaming   =version 2                     bsize=4096   ascii-ci=0, ftype=1\nlog      =internal log                  bsize=4096   blocks=2560, version=2\n         =                              sectsz=512   sunit=0 blks, lazy-count=1\nrealtime =none                          extsz=4096   blocks=0, rtextents=0\ndata blocks changed from 262144 to 377856\n\n$ df -h /sw\nFilesystem                     Size  Used Avail Use% Mounted on\n/dev/mapper/vgsw-software--lv  1.5G   43M  1.4G   3% /sw\n```"]